// Jest Snapshot v1, https://goo.gl/fbAQLP

exports[`Sort snapshot should match 1`] = `
<nav>
  <ul
    className="list"
  >
    <li
      className="item"
    >
      <a
        className="link"
        onClick={[Function]}
      >
        date
      </a>
    </li>
    <li
      className="item"
    >
      <a
        className="link"
        onClick={[Function]}
      >
        rating
      </a>
    </li>
    <li
      className="item"
    >
      <a
        className="link"
        onClick={[Function]}
      >
        name
      </a>
    </li>
  </ul>
</nav>
`;
