// Jest Snapshot v1, https://goo.gl/fbAQLP

exports[`LayoutNavLink snapshot should match 1`] = `
<a
  aria-current={null}
  className="link"
  href="/link"
  onClick={[Function]}
>
  link
</a>
`;
