// Jest Snapshot v1, https://goo.gl/fbAQLP

exports[`NavItem snapshot should match 1`] = `
<li
  className="item"
>
  <div
    className="link"
    onClick={[Function]}
    role="menuitem"
  >
    item1
  </div>
</li>
`;
